// Jest Snapshot v1, https://goo.gl/fbAQLP

exports[`renders correctly 1`] = `
<div
  className="MuiContainer-root MuiContainer-maxWidthLg css-1oqqzyl-MuiContainer-root"
>
  <div
    className="MuiPaper-root MuiPaper-elevation MuiPaper-rounded MuiPaper-elevation1 css-1djve74-MuiPaper-root"
  >
    <p
      className="MuiTypography-root MuiTypography-body1 css-ahj2mt-MuiTypography-root"
    >
      Title:
      <a
        href="example.com"
      >
        test commit
      </a>
    </p>
    <p
      className="MuiTypography-root MuiTypography-body1 css-ahj2mt-MuiTypography-root"
    >
       Author: 
      test test
    </p>
    <p
      className="MuiTypography-root MuiTypography-body1 css-ahj2mt-MuiTypography-root"
    >
       Committer Email: 
      test@example.com
    </p>
    <p
      className="MuiTypography-root MuiTypography-body1 css-ahj2mt-MuiTypography-root"
    >
      Date Created: 
      2022-09-30
    </p>
  </div>
</div>
`;
